Γû▓ Next.js 16.1.6 (Turbopack)
- Environments: .env.local

  Creating an optimized production build ...
Γ£ô Compiled successfully in 2.1s
  Running TypeScript ...
  Collecting page data using 11 workers ...
  Generating static pages using 11 workers (0/15) ...
  Generating static pages using 11 workers (3/15) 
  Generating static pages using 11 workers (7/15) 
  Generating static pages using 11 workers (11/15) 
Γ£ô Generating static pages using 11 workers (15/15) in 253.1ms
  Finalizing page optimization ...

Route (app)
Γöî Γùï /
Γö£ Γùï /_not-found
Γö£ Γùï /about
Γö£ Γùï /ai-magic
Γö£ ╞Æ /api/create-love-code
Γö£ ╞Æ /api/generate-message
Γö£ ╞Æ /api/get-love-code/[code]
Γö£ ╞Æ /api/love-code
Γö£ ╞Æ /auth/callback
Γö£ ╞Æ /checkout/[code]
Γö£ Γùï /create
Γö£ ╞Æ /lb/[code]
Γö£ Γùï /login
Γö£ Γùï /occasions
Γö£ Γùï /plan-99
Γö£ Γùï /pricing
Γö£ ╞Æ /share/[code]
Γöö ╞Æ /view/[code]


╞Æ Proxy (Middleware)

Γùï  (Static)   prerendered as static content
╞Æ  (Dynamic)  server-rendered on demand

