
> love_bites_next@0.1.0 build
> next build

Γû▓ Next.js 16.1.6 (Turbopack)
- Environments: .env.local

  Creating an optimized production build ...
node.exe : 
At line:1 char:1
+ & "C:\Program 
Files\nodejs/node.exe" 
"C:\Program 
Files\nodejs/node_mo 
...
+ ~~~~~~~~~~~~~~~~~~~~~
~~~~~~~~~~~~~~~~~~~~~~~
~~~~~~~~~~~~~~~~~~~~~~~
~~
    + CategoryInfo     
         : NotSpecifi  
  ed: (:String) [],    
 RemoteException
    + FullyQualifiedEr 
   rorId : NativeComm  
  andError
 
> Build error occurred
Error: Turbopack build 
failed with 7 errors:
./src/app/(plans)/plan-
99/page.tsx:7:1
Module not found: 
Can't resolve '@/compon
ents/plan99/AIMessage'
[0m [90m  5 |[39m 
[36mimport[39m 
[33mMoodSelector[39m 
[36mfrom[39m [32m'@/
components/plan99/MoodS
elector'[39m[33m;[39
m
 [90m  6 |[39m 
[36mimport[39m 
[33mAboutPerson[39m 
[36mfrom[39m [32m'@/
components/plan99/About
Person'[39m[33m;[39m
[31m[1m>[22m[39m[9
0m  7 |[39m 
[36mimport[39m 
[33mAIMessage[39m 
[36mfrom[39m [32m'@/
components/plan99/AIMes
sage'[39m[33m;[39m
 [90m    |[39m [31m
[1m^[22m[39m[31m[1m
^[22m[39m[31m[1m^[
22m[39m[31m[1m^[22m
[39m[31m[1m^[22m[3
9m[31m[1m^[22m[39m
[31m[1m^[22m[39m[31
m[1m^[22m[39m[31m[
1m^[22m[39m[31m[1m^
[22m[39m[31m[1m^[2
2m[39m[31m[1m^[22m
[39m[31m[1m^[22m[39
m[31m[1m^[22m[39m[
31m[1m^[22m[39m[31m
[1m^[22m[39m[31m[1
m^[22m[39m[31m[1m^
[22m[39m[31m[1m^[22
m[39m[31m[1m^[22m[
39m[31m[1m^[22m[39m
[31m[1m^[22m[39m[3
1m[1m^[22m[39m[31m
[1m^[22m[39m[31m[1m
^[22m[39m[31m[1m^[
22m[39m[31m[1m^[22m
[39m[31m[1m^[22m[3
9m[31m[1m^[22m[39m
[31m[1m^[22m[39m[31
m[1m^[22m[39m[31m[
1m^[22m[39m[31m[1m^
[22m[39m[31m[1m^[2
2m[39m[31m[1m^[22m
[39m[31m[1m^[22m[39
m[31m[1m^[22m[39m[
31m[1m^[22m[39m[31m
[1m^[22m[39m[31m[1
m^[22m[39m[31m[1m^
[22m[39m[31m[1m^[22
m[39m[31m[1m^[22m[
39m[31m[1m^[22m[39m
[31m[1m^[22m[39m[3
1m[1m^[22m[39m[31m
[1m^[22m[39m[31m[1m
^[22m[39m[31m[1m^[
22m[39m[31m[1m^[22m
[39m[31m[1m^[22m[3
9m[31m[1m^[22m[39m
[31m[1m^[22m[39m[31
m[1m^[22m[39m
 [90m  8 |[39m 
[36mimport[39m 
[33mPhotoUpload[39m 
[36mfrom[39m [32m'@/
components/plan99/Photo
Upload'[39m[33m;[39m
 [90m  9 |[39m 
[36mimport[39m 
[33mVideoUpload[39m 
[36mfrom[39m [32m'@/
components/plan99/Video
Upload'[39m[33m;[39m
 [90m 10 |[39m 
[36mimport[39m [33mD
eliverySettings[39m 
[36mfrom[39m [32m'@/
components/plan99/Deliv
erySettings'[39m[33m;
[39m[0m

Import map: aliased to 
relative './src/compone
nts/plan99/AIMessage' 
inside of [project]/


Import traces:
  Client Component 
Browser:
    ./src/app/(plans)/p
lan-99/page.tsx 
[Client Component 
Browser]
    ./src/app/(plans)/p
lan-99/page.tsx 
[Server Component]

  Client Component SSR:
    ./src/app/(plans)/p
lan-99/page.tsx 
[Client Component SSR]
    ./src/app/(plans)/p
lan-99/page.tsx 
[Server Component]

https://nextjs.org/docs
/messages/module-not-fo
und


./src/app/(plans)/plan-
99/page.tsx:6:1
Module not found: 
Can't resolve '@/compon
ents/plan99/AboutPerson
'
[0m [90m 4 |[39m 
[36mimport[39m 
[33mProgressBar[39m 
[36mfrom[39m [32m'@/
components/plan99/Progr
essBar'[39m[33m;[39m
 [90m 5 |[39m 
[36mimport[39m 
[33mMoodSelector[39m 
[36mfrom[39m [32m'@/
components/plan99/MoodS
elector'[39m[33m;[39
m
[31m[1m>[22m[39m[9
0m 6 |[39m 
[36mimport[39m 
[33mAboutPerson[39m 
[36mfrom[39m [32m'@/
components/plan99/About
Person'[39m[33m;[39m
 [90m   |[39m [31m[
1m^[22m[39m[31m[1m^
[22m[39m[31m[1m^[2
2m[39m[31m[1m^[22m
[39m[31m[1m^[22m[39
m[31m[1m^[22m[39m[
31m[1m^[22m[39m[31m
[1m^[22m[39m[31m[1
m^[22m[39m[31m[1m^
[22m[39m[31m[1m^[22
m[39m[31m[1m^[22m[
39m[31m[1m^[22m[39m
[31m[1m^[22m[39m[3
1m[1m^[22m[39m[31m
[1m^[22m[39m[31m[1m
^[22m[39m[31m[1m^[
22m[39m[31m[1m^[22m
[39m[31m[1m^[22m[3
9m[31m[1m^[22m[39m
[31m[1m^[22m[39m[31
m[1m^[22m[39m[31m[
1m^[22m[39m[31m[1m^
[22m[39m[31m[1m^[2
2m[39m[31m[1m^[22m
[39m[31m[1m^[22m[39
m[31m[1m^[22m[39m[
31m[1m^[22m[39m[31m
[1m^[22m[39m[31m[1
m^[22m[39m[31m[1m^
[22m[39m[31m[1m^[22
m[39m[31m[1m^[22m[
39m[31m[1m^[22m[39m
[31m[1m^[22m[39m[3
1m[1m^[22m[39m[31m
[1m^[22m[39m[31m[1m
^[22m[39m[31m[1m^[
22m[39m[31m[1m^[22m
[39m[31m[1m^[22m[3
9m[31m[1m^[22m[39m
[31m[1m^[22m[39m[31
m[1m^[22m[39m[31m[
1m^[22m[39m[31m[1m^
[22m[39m[31m[1m^[2
2m[39m[31m[1m^[22m
[39m[31m[1m^[22m[39
m[31m[1m^[22m[39m[
31m[1m^[22m[39m[31m
[1m^[22m[39m[31m[1
m^[22m[39m[31m[1m^
[22m[39m[31m[1m^[22
m[39m[31m[1m^[22m[
39m
 [90m 7 |[39m 
[36mimport[39m 
[33mAIMessage[39m 
[36mfrom[39m [32m'@/
components/plan99/AIMes
sage'[39m[33m;[39m
 [90m 8 |[39m 
[36mimport[39m 
[33mPhotoUpload[39m 
[36mfrom[39m [32m'@/
components/plan99/Photo
Upload'[39m[33m;[39m
 [90m 9 |[39m 
[36mimport[39m 
[33mVideoUpload[39m 
[36mfrom[39m [32m'@/
components/plan99/Video
Upload'[39m[33m;[39m
[0m

Import map: aliased to 
relative './src/compone
nts/plan99/AboutPerson'
 inside of [project]/


Import traces:
  Client Component 
Browser:
    ./src/app/(plans)/p
lan-99/page.tsx 
[Client Component 
Browser]
    ./src/app/(plans)/p
lan-99/page.tsx 
[Server Component]

  Client Component SSR:
    ./src/app/(plans)/p
lan-99/page.tsx 
[Client Component SSR]
    ./src/app/(plans)/p
lan-99/page.tsx 
[Server Component]

https://nextjs.org/docs
/messages/module-not-fo
und


./src/app/(plans)/plan-
99/page.tsx:10:1
Module not found: 
Can't resolve '@/compon
ents/plan99/DeliverySet
tings'
[0m [90m  8 |[39m 
[36mimport[39m 
[33mPhotoUpload[39m 
[36mfrom[39m [32m'@/
components/plan99/Photo
Upload'[39m[33m;[39m
 [90m  9 |[39m 
[36mimport[39m 
[33mVideoUpload[39m 
[36mfrom[39m [32m'@/
components/plan99/Video
Upload'[39m[33m;[39m
[31m[1m>[22m[39m[9
0m 10 |[39m 
[36mimport[39m [33mD
eliverySettings[39m 
[36mfrom[39m [32m'@/
components/plan99/Deliv
erySettings'[39m[33m;
[39m
 [90m    |[39m [31m
[1m^[22m[39m[31m[1m
^[22m[39m[31m[1m^[
22m[39m[31m[1m^[22m
[39m[31m[1m^[22m[3
9m[31m[1m^[22m[39m
[31m[1m^[22m[39m[31
m[1m^[22m[39m[31m[
1m^[22m[39m[31m[1m^
[22m[39m[31m[1m^[2
2m[39m[31m[1m^[22m
[39m[31m[1m^[22m[39
m[31m[1m^[22m[39m[
31m[1m^[22m[39m[31m
[1m^[22m[39m[31m[1
m^[22m[39m[31m[1m^
[22m[39m[31m[1m^[22
m[39m[31m[1m^[22m[
39m[31m[1m^[22m[39m
[31m[1m^[22m[39m[3
1m[1m^[22m[39m[31m
[1m^[22m[39m[31m[1m
^[22m[39m[31m[1m^[
22m[39m[31m[1m^[22m
[39m[31m[1m^[22m[3
9m[31m[1m^[22m[39m
[31m[1m^[22m[39m[31
m[1m^[22m[39m[31m[
1m^[22m[39m[31m[1m^
[22m[39m[31m[1m^[2
2m[39m[31m[1m^[22m
[39m[31m[1m^[22m[39
m[31m[1m^[22m[39m[
31m[1m^[22m[39m[31m
[1m^[22m[39m[31m[1
m^[22m[39m[31m[1m^
[22m[39m[31m[1m^[22
m[39m[31m[1m^[22m[
39m[31m[1m^[22m[39m
[31m[1m^[22m[39m[3
1m[1m^[22m[39m[31m
[1m^[22m[39m[31m[1m
^[22m[39m[31m[1m^[
22m[39m[31m[1m^[22m
[39m[31m[1m^[22m[3
9m[31m[1m^[22m[39m
[31m[1m^[22m[39m[31
m[1m^[22m[39m[31m[
1m^[22m[39m[31m[1m^
[22m[39m[31m[1m^[2
2m[39m[31m[1m^[22m
[39m[31m[1m^[22m[39
m[31m[1m^[22m[39m[
31m[1m^[22m[39m[31m
[1m^[22m[39m[31m[1
m^[22m[39m[31m[1m^
[22m[39m[31m[1m^[22
m[39m[31m[1m^[22m[
39m[31m[1m^[22m[39m
[31m[1m^[22m[39m
 [90m 11 |[39m 
[36mimport[39m { [33
mPlan99FormData[39m } 
[36mfrom[39m [32m'@/
types/plan99'[39m[33m
;[39m
 [90m 12 |[39m
 [90m 13 |[39m 
[36mconst[39m 
[33mTOTAL_STEPS[39m 
[33m=[39m [35m6[39m
[33m;[39m[0m

Import map: aliased to 
relative './src/compone
nts/plan99/DeliverySett
ings' inside of 
[project]/


Import traces:
  Client Component 
Browser:
    ./src/app/(plans)/p
lan-99/page.tsx 
[Client Component 
Browser]
    ./src/app/(plans)/p
lan-99/page.tsx 
[Server Component]

  Client Component SSR:
    ./src/app/(plans)/p
lan-99/page.tsx 
[Client Component SSR]
    ./src/app/(plans)/p
lan-99/page.tsx 
[Server Component]

https://nextjs.org/docs
/messages/module-not-fo
und


./src/app/(plans)/plan-
99/page.tsx:5:1
Module not found: 
Can't resolve '@/compon
ents/plan99/MoodSelecto
r'
[0m [90m 3 |[39m 
[36mimport[39m { 
useState } 
[36mfrom[39m [32m're
act'[39m[33m;[39m
 [90m 4 |[39m 
[36mimport[39m 
[33mProgressBar[39m 
[36mfrom[39m [32m'@/
components/plan99/Progr
essBar'[39m[33m;[39m
[31m[1m>[22m[39m[9
0m 5 |[39m 
[36mimport[39m 
[33mMoodSelector[39m 
[36mfrom[39m [32m'@/
components/plan99/MoodS
elector'[39m[33m;[39
m
 [90m   |[39m [31m[
1m^[22m[39m[31m[1m^
[22m[39m[31m[1m^[2
2m[39m[31m[1m^[22m
[39m[31m[1m^[22m[39
m[31m[1m^[22m[39m[
31m[1m^[22m[39m[31m
[1m^[22m[39m[31m[1
m^[22m[39m[31m[1m^
[22m[39m[31m[1m^[22
m[39m[31m[1m^[22m[
39m[31m[1m^[22m[39m
[31m[1m^[22m[39m[3
1m[1m^[22m[39m[31m
[1m^[22m[39m[31m[1m
^[22m[39m[31m[1m^[
22m[39m[31m[1m^[22m
[39m[31m[1m^[22m[3
9m[31m[1m^[22m[39m
[31m[1m^[22m[39m[31
m[1m^[22m[39m[31m[
1m^[22m[39m[31m[1m^
[22m[39m[31m[1m^[2
2m[39m[31m[1m^[22m
[39m[31m[1m^[22m[39
m[31m[1m^[22m[39m[
31m[1m^[22m[39m[31m
[1m^[22m[39m[31m[1
m^[22m[39m[31m[1m^
[22m[39m[31m[1m^[22
m[39m[31m[1m^[22m[
39m[31m[1m^[22m[39m
[31m[1m^[22m[39m[3
1m[1m^[22m[39m[31m
[1m^[22m[39m[31m[1m
^[22m[39m[31m[1m^[
22m[39m[31m[1m^[22m
[39m[31m[1m^[22m[3
9m[31m[1m^[22m[39m
[31m[1m^[22m[39m[31
m[1m^[22m[39m[31m[
1m^[22m[39m[31m[1m^
[22m[39m[31m[1m^[2
2m[39m[31m[1m^[22m
[39m[31m[1m^[22m[39
m[31m[1m^[22m[39m[
31m[1m^[22m[39m[31m
[1m^[22m[39m[31m[1
m^[22m[39m[31m[1m^
[22m[39m[31m[1m^[22
m[39m[31m[1m^[22m[
39m[31m[1m^[22m[39m
[31m[1m^[22m[39m
 [90m 6 |[39m 
[36mimport[39m 
[33mAboutPerson[39m 
[36mfrom[39m [32m'@/
components/plan99/About
Person'[39m[33m;[39m
 [90m 7 |[39m 
[36mimport[39m 
[33mAIMessage[39m 
[36mfrom[39m [32m'@/
components/plan99/AIMes
sage'[39m[33m;[39m
 [90m 8 |[39m 
[36mimport[39m 
[33mPhotoUpload[39m 
[36mfrom[39m [32m'@/
components/plan99/Photo
Upload'[39m[33m;[39m
[0m

Import map: aliased to 
relative './src/compone
nts/plan99/MoodSelector
' inside of [project]/


Import traces:
  Client Component 
Browser:
    ./src/app/(plans)/p
lan-99/page.tsx 
[Client Component 
Browser]
    ./src/app/(plans)/p
lan-99/page.tsx 
[Server Component]

  Client Component SSR:
    ./src/app/(plans)/p
lan-99/page.tsx 
[Client Component SSR]
    ./src/app/(plans)/p
lan-99/page.tsx 
[Server Component]

https://nextjs.org/docs
/messages/module-not-fo
und


./src/app/(plans)/plan-
99/page.tsx:8:1
Module not found: 
Can't resolve '@/compon
ents/plan99/PhotoUpload
'
[0m [90m  6 |[39m 
[36mimport[39m 
[33mAboutPerson[39m 
[36mfrom[39m [32m'@/
components/plan99/About
Person'[39m[33m;[39m
 [90m  7 |[39m 
[36mimport[39m 
[33mAIMessage[39m 
[36mfrom[39m [32m'@/
components/plan99/AIMes
sage'[39m[33m;[39m
[31m[1m>[22m[39m[9
0m  8 |[39m 
[36mimport[39m 
[33mPhotoUpload[39m 
[36mfrom[39m [32m'@/
components/plan99/Photo
Upload'[39m[33m;[39m
 [90m    |[39m [31m
[1m^[22m[39m[31m[1m
^[22m[39m[31m[1m^[
22m[39m[31m[1m^[22m
[39m[31m[1m^[22m[3
9m[31m[1m^[22m[39m
[31m[1m^[22m[39m[31
m[1m^[22m[39m[31m[
1m^[22m[39m[31m[1m^
[22m[39m[31m[1m^[2
2m[39m[31m[1m^[22m
[39m[31m[1m^[22m[39
m[31m[1m^[22m[39m[
31m[1m^[22m[39m[31m
[1m^[22m[39m[31m[1
m^[22m[39m[31m[1m^
[22m[39m[31m[1m^[22
m[39m[31m[1m^[22m[
39m[31m[1m^[22m[39m
[31m[1m^[22m[39m[3
1m[1m^[22m[39m[31m
[1m^[22m[39m[31m[1m
^[22m[39m[31m[1m^[
22m[39m[31m[1m^[22m
[39m[31m[1m^[22m[3
9m[31m[1m^[22m[39m
[31m[1m^[22m[39m[31
m[1m^[22m[39m[31m[
1m^[22m[39m[31m[1m^
[22m[39m[31m[1m^[2
2m[39m[31m[1m^[22m
[39m[31m[1m^[22m[39
m[31m[1m^[22m[39m[
31m[1m^[22m[39m[31m
[1m^[22m[39m[31m[1
m^[22m[39m[31m[1m^
[22m[39m[31m[1m^[22
m[39m[31m[1m^[22m[
39m[31m[1m^[22m[39m
[31m[1m^[22m[39m[3
1m[1m^[22m[39m[31m
[1m^[22m[39m[31m[1m
^[22m[39m[31m[1m^[
22m[39m[31m[1m^[22m
[39m[31m[1m^[22m[3
9m[31m[1m^[22m[39m
[31m[1m^[22m[39m[31
m[1m^[22m[39m[31m[
1m^[22m[39m[31m[1m^
[22m[39m[31m[1m^[2
2m[39m[31m[1m^[22m
[39m
 [90m  9 |[39m 
[36mimport[39m 
[33mVideoUpload[39m 
[36mfrom[39m [32m'@/
components/plan99/Video
Upload'[39m[33m;[39m
 [90m 10 |[39m 
[36mimport[39m [33mD
eliverySettings[39m 
[36mfrom[39m [32m'@/
components/plan99/Deliv
erySettings'[39m[33m;
[39m
 [90m 11 |[39m 
[36mimport[39m { [33
mPlan99FormData[39m } 
[36mfrom[39m [32m'@/
types/plan99'[39m[33m
;[39m[0m

Import map: aliased to 
relative './src/compone
nts/plan99/PhotoUpload'
 inside of [project]/


Import traces:
  Client Component 
Browser:
    ./src/app/(plans)/p
lan-99/page.tsx 
[Client Component 
Browser]
    ./src/app/(plans)/p
lan-99/page.tsx 
[Server Component]

  Client Component SSR:
    ./src/app/(plans)/p
lan-99/page.tsx 
[Client Component SSR]
    ./src/app/(plans)/p
lan-99/page.tsx 
[Server Component]

https://nextjs.org/docs
/messages/module-not-fo
und


./src/app/(plans)/plan-
99/page.tsx:4:1
Module not found: 
Can't resolve '@/compon
ents/plan99/ProgressBar
'
[0m [90m 2 |[39m
 [90m 3 |[39m 
[36mimport[39m { 
useState } 
[36mfrom[39m [32m're
act'[39m[33m;[39m
[31m[1m>[22m[39m[9
0m 4 |[39m 
[36mimport[39m 
[33mProgressBar[39m 
[36mfrom[39m [32m'@/
components/plan99/Progr
essBar'[39m[33m;[39m
 [90m   |[39m [31m[
1m^[22m[39m[31m[1m^
[22m[39m[31m[1m^[2
2m[39m[31m[1m^[22m
[39m[31m[1m^[22m[39
m[31m[1m^[22m[39m[
31m[1m^[22m[39m[31m
[1m^[22m[39m[31m[1
m^[22m[39m[31m[1m^
[22m[39m[31m[1m^[22
m[39m[31m[1m^[22m[
39m[31m[1m^[22m[39m
[31m[1m^[22m[39m[3
1m[1m^[22m[39m[31m
[1m^[22m[39m[31m[1m
^[22m[39m[31m[1m^[
22m[39m[31m[1m^[22m
[39m[31m[1m^[22m[3
9m[31m[1m^[22m[39m
[31m[1m^[22m[39m[31
m[1m^[22m[39m[31m[
1m^[22m[39m[31m[1m^
[22m[39m[31m[1m^[2
2m[39m[31m[1m^[22m
[39m[31m[1m^[22m[39
m[31m[1m^[22m[39m[
31m[1m^[22m[39m[31m
[1m^[22m[39m[31m[1
m^[22m[39m[31m[1m^
[22m[39m[31m[1m^[22
m[39m[31m[1m^[22m[
39m[31m[1m^[22m[39m
[31m[1m^[22m[39m[3
1m[1m^[22m[39m[31m
[1m^[22m[39m[31m[1m
^[22m[39m[31m[1m^[
22m[39m[31m[1m^[22m
[39m[31m[1m^[22m[3
9m[31m[1m^[22m[39m
[31m[1m^[22m[39m[31
m[1m^[22m[39m[31m[
1m^[22m[39m[31m[1m^
[22m[39m[31m[1m^[2
2m[39m[31m[1m^[22m
[39m[31m[1m^[22m[39
m[31m[1m^[22m[39m[
31m[1m^[22m[39m[31m
[1m^[22m[39m[31m[1
m^[22m[39m[31m[1m^
[22m[39m[31m[1m^[22
m[39m[31m[1m^[22m[
39m
 [90m 5 |[39m 
[36mimport[39m 
[33mMoodSelector[39m 
[36mfrom[39m [32m'@/
components/plan99/MoodS
elector'[39m[33m;[39
m
 [90m 6 |[39m 
[36mimport[39m 
[33mAboutPerson[39m 
[36mfrom[39m [32m'@/
components/plan99/About
Person'[39m[33m;[39m
 [90m 7 |[39m 
[36mimport[39m 
[33mAIMessage[39m 
[36mfrom[39m [32m'@/
components/plan99/AIMes
sage'[39m[33m;[39m[
0m

Import map: aliased to 
relative './src/compone
nts/plan99/ProgressBar'
 inside of [project]/


Import traces:
  Client Component 
Browser:
    ./src/app/(plans)/p
lan-99/page.tsx 
[Client Component 
Browser]
    ./src/app/(plans)/p
lan-99/page.tsx 
[Server Component]

  Client Component SSR:
    ./src/app/(plans)/p
lan-99/page.tsx 
[Client Component SSR]
    ./src/app/(plans)/p
lan-99/page.tsx 
[Server Component]

https://nextjs.org/docs
/messages/module-not-fo
und


./src/app/(plans)/plan-
99/page.tsx:9:1
Module not found: 
Can't resolve '@/compon
ents/plan99/VideoUpload
'
[0m [90m  7 |[39m 
[36mimport[39m 
[33mAIMessage[39m 
[36mfrom[39m [32m'@/
components/plan99/AIMes
sage'[39m[33m;[39m
 [90m  8 |[39m 
[36mimport[39m 
[33mPhotoUpload[39m 
[36mfrom[39m [32m'@/
components/plan99/Photo
Upload'[39m[33m;[39m
[31m[1m>[22m[39m[9
0m  9 |[39m 
[36mimport[39m 
[33mVideoUpload[39m 
[36mfrom[39m [32m'@/
components/plan99/Video
Upload'[39m[33m;[39m
 [90m    |[39m [31m
[1m^[22m[39m[31m[1m
^[22m[39m[31m[1m^[
22m[39m[31m[1m^[22m
[39m[31m[1m^[22m[3
9m[31m[1m^[22m[39m
[31m[1m^[22m[39m[31
m[1m^[22m[39m[31m[
1m^[22m[39m[31m[1m^
[22m[39m[31m[1m^[2
2m[39m[31m[1m^[22m
[39m[31m[1m^[22m[39
m[31m[1m^[22m[39m[
31m[1m^[22m[39m[31m
[1m^[22m[39m[31m[1
m^[22m[39m[31m[1m^
[22m[39m[31m[1m^[22
m[39m[31m[1m^[22m[
39m[31m[1m^[22m[39m
[31m[1m^[22m[39m[3
1m[1m^[22m[39m[31m
[1m^[22m[39m[31m[1m
^[22m[39m[31m[1m^[
22m[39m[31m[1m^[22m
[39m[31m[1m^[22m[3
9m[31m[1m^[22m[39m
[31m[1m^[22m[39m[31
m[1m^[22m[39m[31m[
1m^[22m[39m[31m[1m^
[22m[39m[31m[1m^[2
2m[39m[31m[1m^[22m
[39m[31m[1m^[22m[39
m[31m[1m^[22m[39m[
31m[1m^[22m[39m[31m
[1m^[22m[39m[31m[1
m^[22m[39m[31m[1m^
[22m[39m[31m[1m^[22
m[39m[31m[1m^[22m[
39m[31m[1m^[22m[39m
[31m[1m^[22m[39m[3
1m[1m^[22m[39m[31m
[1m^[22m[39m[31m[1m
^[22m[39m[31m[1m^[
22m[39m[31m[1m^[22m
[39m[31m[1m^[22m[3
9m[31m[1m^[22m[39m
[31m[1m^[22m[39m[31
m[1m^[22m[39m[31m[
1m^[22m[39m[31m[1m^
[22m[39m[31m[1m^[2
2m[39m[31m[1m^[22m
[39m
 [90m 10 |[39m 
[36mimport[39m [33mD
eliverySettings[39m 
[36mfrom[39m [32m'@/
components/plan99/Deliv
erySettings'[39m[33m;
[39m
 [90m 11 |[39m 
[36mimport[39m { [33
mPlan99FormData[39m } 
[36mfrom[39m [32m'@/
types/plan99'[39m[33m
;[39m
 [90m 12 |[39m[0m

Import map: aliased to 
relative './src/compone
nts/plan99/VideoUpload'
 inside of [project]/


Import traces:
  Client Component 
Browser:
    ./src/app/(plans)/p
lan-99/page.tsx 
[Client Component 
Browser]
    ./src/app/(plans)/p
lan-99/page.tsx 
[Server Component]

  Client Component SSR:
    ./src/app/(plans)/p
lan-99/page.tsx 
[Client Component SSR]
    ./src/app/(plans)/p
lan-99/page.tsx 
[Server Component]

https://nextjs.org/docs
/messages/module-not-fo
und


    at <unknown> (./src
/app/(plans)/plan-99/pa
ge.tsx:7:1)
    at <unknown> (https
://nextjs.org/docs/mess
ages/module-not-found)
    at <unknown> (./src
/app/(plans)/plan-99/pa
ge.tsx:6:1)
    at <unknown> (https
://nextjs.org/docs/mess
ages/module-not-found)
    at <unknown> (./src
/app/(plans)/plan-99/pa
ge.tsx:10:1)
    at <unknown> (https
://nextjs.org/docs/mess
ages/module-not-found)
    at <unknown> (./src
/app/(plans)/plan-99/pa
ge.tsx:5:1)
    at <unknown> (https
://nextjs.org/docs/mess
ages/module-not-found)
    at <unknown> (./src
/app/(plans)/plan-99/pa
ge.tsx:8:1)
    at <unknown> (https
://nextjs.org/docs/mess
ages/module-not-found)
    at <unknown> (./src
/app/(plans)/plan-99/pa
ge.tsx:4:1)
    at <unknown> (https
://nextjs.org/docs/mess
ages/module-not-found)
    at <unknown> (./src
/app/(plans)/plan-99/pa
ge.tsx:9:1)
    at <unknown> (https
://nextjs.org/docs/mess
ages/module-not-found)
